// Jest Snapshot v1, https://goo.gl/fbAQLP

exports[`Input Sanitization sanitizeArray should recursively sanitize all elements in an array 1`] = `
[
  "",
  "<a href="https://example.com" rel="noopener noreferrer" target="_blank">Visit example.com</a>",
  {
    "deep": "alert("XSS")",
  },
  123,
  null,
]
`;

exports[`Input Sanitization sanitizeObject should recursively sanitize all string values in an object 1`] = `
{
  "count": 1,
  "details": {
    "description": "This is bold and this is italic.",
    "link": "",
  },
  "meta": null,
  "name": "",
  "tags": {
    "0": "This is a safe string.",
    "1": "",
  },
}
`;

exports[`Input Sanitization sanitizeString should add security attributes to links 1`] = `"<a href="https://example.com" rel="noopener noreferrer" target="_blank">Click</a>"`;

exports[`Input Sanitization sanitizeString should correctly handle safe string: plainText 1`] = `"This is a safe string."`;

exports[`Input Sanitization sanitizeString should correctly handle safe string: textWithNumbers 1`] = `"Here are some numbers 12345"`;

exports[`Input Sanitization sanitizeString should correctly handle safe string: withFormatting 1`] = `"<b>This is bold</b> and <i>this is italic</i>."`;

exports[`Input Sanitization sanitizeString should correctly handle safe string: withLinks 1`] = `"<a href="https://example.com" title="Example" rel="noopener noreferrer" target="_blank">Example Link</a>"`;

exports[`Input Sanitization sanitizeString should remove or neutralize dangerous string: eventHandler 1`] = `""`;

exports[`Input Sanitization sanitizeString should remove or neutralize dangerous string: iframeTag 1`] = `""`;

exports[`Input Sanitization sanitizeString should remove or neutralize dangerous string: javascriptProtocol 1`] = `"Click me"`;

exports[`Input Sanitization sanitizeString should remove or neutralize dangerous string: scriptTag 1`] = `""`;

exports[`Input Sanitization sanitizeString should remove or neutralize dangerous string: unclosedTag 1`] = `"hello"`;
